/home/ye/Projects/embedded/G4mini-v3/./UserCode/DRV/motor/drv_motor.h:94:22:Motor_Online_Check	16	static
/home/ye/Projects/embedded/G4mini-v3/./UserCode/DRV/motor/drv_motor.h:111:22:Motor_Enable	16	static
/home/ye/Projects/embedded/G4mini-v3/./UserCode/DRV/motor/drv_motor.h:114:22:Motor_Recover	16	static
/home/ye/Projects/embedded/G4mini-v3/./UserCode/DRV/remote/drv_remote.h:109:22:Remote_Online_Check	16	static
/home/ye/Projects/embedded/G4mini-v3/UserCode/SRV/error_monitor/srv_error_monitor.c:40:6:Error_Monitor_Task	24	static
/home/ye/Projects/embedded/G4mini-v3/UserCode/SRV/error_monitor/srv_error_monitor.c:85:13:Error_Recover	32	static
/home/ye/Projects/embedded/G4mini-v3/UserCode/SRV/error_monitor/srv_error_monitor.c:117:13:Error_Indicate	8	static
/home/ye/Projects/embedded/G4mini-v3/UserCode/SRV/error_monitor/srv_error_monitor.c:133:13:Error_Print	32	static
