/home/ye/Projects/embedded/G4mini-v3/Core/Src/stm32g4xx_it.c:85:6:NMI_Handler	4	static
/home/ye/Projects/embedded/G4mini-v3/Core/Src/stm32g4xx_it.c:100:6:HardFault_Handler	4	static
/home/ye/Projects/embedded/G4mini-v3/Core/Src/stm32g4xx_it.c:115:6:MemManage_Handler	4	static
/home/ye/Projects/embedded/G4mini-v3/Core/Src/stm32g4xx_it.c:130:6:BusFault_Handler	4	static
/home/ye/Projects/embedded/G4mini-v3/Core/Src/stm32g4xx_it.c:145:6:UsageFault_Handler	4	static
/home/ye/Projects/embedded/G4mini-v3/Core/Src/stm32g4xx_it.c:160:6:DebugMon_Handler	4	static
/home/ye/Projects/embedded/G4mini-v3/Core/Src/stm32g4xx_it.c:180:6:DMA1_Channel1_IRQHandler	8	static
/home/ye/Projects/embedded/G4mini-v3/Core/Src/stm32g4xx_it.c:194:6:DMA1_Channel2_IRQHandler	8	static
/home/ye/Projects/embedded/G4mini-v3/Core/Src/stm32g4xx_it.c:208:6:DMA1_Channel3_IRQHandler	8	static
/home/ye/Projects/embedded/G4mini-v3/Core/Src/stm32g4xx_it.c:222:6:DMA1_Channel4_IRQHandler	8	static
/home/ye/Projects/embedded/G4mini-v3/Core/Src/stm32g4xx_it.c:236:6:DMA1_Channel5_IRQHandler	8	static
/home/ye/Projects/embedded/G4mini-v3/Core/Src/stm32g4xx_it.c:250:6:DMA1_Channel6_IRQHandler	8	static
/home/ye/Projects/embedded/G4mini-v3/Core/Src/stm32g4xx_it.c:264:6:DMA1_Channel7_IRQHandler	8	static
/home/ye/Projects/embedded/G4mini-v3/Core/Src/stm32g4xx_it.c:278:6:USB_LP_IRQHandler	8	static
/home/ye/Projects/embedded/G4mini-v3/Core/Src/stm32g4xx_it.c:292:6:FDCAN1_IT0_IRQHandler	8	static
/home/ye/Projects/embedded/G4mini-v3/Core/Src/stm32g4xx_it.c:306:6:FDCAN1_IT1_IRQHandler	8	static
/home/ye/Projects/embedded/G4mini-v3/Core/Src/stm32g4xx_it.c:320:6:USART1_IRQHandler	8	static
/home/ye/Projects/embedded/G4mini-v3/Core/Src/stm32g4xx_it.c:334:6:USART2_IRQHandler	8	static
/home/ye/Projects/embedded/G4mini-v3/Core/Src/stm32g4xx_it.c:348:6:USART3_IRQHandler	8	static
/home/ye/Projects/embedded/G4mini-v3/Core/Src/stm32g4xx_it.c:362:6:TIM7_DAC_IRQHandler	8	static
/home/ye/Projects/embedded/G4mini-v3/Core/Src/stm32g4xx_it.c:376:6:FDCAN2_IT0_IRQHandler	8	static
/home/ye/Projects/embedded/G4mini-v3/Core/Src/stm32g4xx_it.c:390:6:FDCAN2_IT1_IRQHandler	8	static
/home/ye/Projects/embedded/G4mini-v3/Core/Src/stm32g4xx_it.c:404:6:FDCAN3_IT0_IRQHandler	8	static
/home/ye/Projects/embedded/G4mini-v3/Core/Src/stm32g4xx_it.c:418:6:FDCAN3_IT1_IRQHandler	8	static
/home/ye/Projects/embedded/G4mini-v3/Core/Src/stm32g4xx_it.c:432:6:DMA1_Channel8_IRQHandler	8	static
