/home/ye/Projects/embedded/G4mini-v3/Core/Src/stm32g4xx_it.c:71:6:NMI_Handler	4	static
/home/ye/Projects/embedded/G4mini-v3/Core/Src/stm32g4xx_it.c:86:6:HardFault_Handler	4	static
/home/ye/Projects/embedded/G4mini-v3/Core/Src/stm32g4xx_it.c:101:6:MemManage_Handler	4	static
/home/ye/Projects/embedded/G4mini-v3/Core/Src/stm32g4xx_it.c:116:6:BusFault_Handler	4	static
/home/ye/Projects/embedded/G4mini-v3/Core/Src/stm32g4xx_it.c:131:6:UsageFault_Handler	4	static
/home/ye/Projects/embedded/G4mini-v3/Core/Src/stm32g4xx_it.c:146:6:DebugMon_Handler	4	static
/home/ye/Projects/embedded/G4mini-v3/Core/Src/stm32g4xx_it.c:166:6:USB_LP_IRQHandler	8	static
/home/ye/Projects/embedded/G4mini-v3/Core/Src/stm32g4xx_it.c:180:6:TIM7_DAC_IRQHandler	8	static
