/home/ye/Projects/embedded/G4mini-v3/UserCode/HAL/hal_can.c:19:6:CAN_Bus_Tick	4	static
/home/ye/Projects/embedded/G4mini-v3/UserCode/HAL/hal_can.c:27:9:CAN_Get_Bus_Online	16	static
/home/ye/Projects/embedded/G4mini-v3/UserCode/HAL/hal_can.c:36:10:CAN_Get_Bus_ErrorCount	16	static
/home/ye/Projects/embedded/G4mini-v3/UserCode/HAL/hal_can.c:45:6:HAL_FDCAN_ErrorCallback	16	static
/home/ye/Projects/embedded/G4mini-v3/UserCode/HAL/hal_can.c:53:19:CAN_Bus_Restart	24	static
/home/ye/Projects/embedded/G4mini-v3/UserCode/HAL/hal_can.c:89:6:CAN_Node_Ctor	24	static
/home/ye/Projects/embedded/G4mini-v3/UserCode/HAL/hal_can.c:97:6:CAN_Node_Register	24	static
/home/ye/Projects/embedded/G4mini-v3/UserCode/HAL/hal_can.c:118:6:CAN_Node_UnRegister	24	static
/home/ye/Projects/embedded/G4mini-v3/UserCode/HAL/hal_can.c:131:6:HAL_FDCAN_RxFifo0Callback	72	static
/home/ye/Projects/embedded/G4mini-v3/UserCode/HAL/hal_can.c:157:6:CAN_Send_Data_STD	64	static
/home/ye/Projects/embedded/G4mini-v3/UserCode/HAL/hal_can.c:180:6:CAN_Send_Data_EXD	64	static
/home/ye/Projects/embedded/G4mini-v3/UserCode/HAL/hal_can.c:205:6:CAN_Init	8	static
/home/ye/Projects/embedded/G4mini-v3/UserCode/HAL/hal_can.c:218:6:CAN_Filter_Init	48	static
